Content-Type: text/x-zim-wiki
Wiki-Format: zim 0.4
Creation-Date: 2018-08-19T19:37:03-04:00

====== Installation ======
Created Sunday 19 August 2018

==== Installation ====
https://docs.docker.com/install/linux/docker-ce/ubuntu/#set-up-the-repository
Uninstall old versions of docker
$ sudo apt-get remove docker docker-engine docker.io

SET UP THE REPOSITORY
Update the apt package index:
''$ sudo apt-get update''

Install packages to allow apt to use a repository over HTTPS:

'''
$ sudo apt-get install \
    apt-transport-https \
    ca-certificates \
    curl \
    software-properties-common
'''

Add Dockerâ€™s official GPG key:

''$ curl -fsSL https://download.docker.com/linux/ubuntu/gpg | sudo apt-key add -''

Verify that you now have the key with the fingerprint 9DC8 5822 9FC7 DD38 854A E2D8 8D81 803C 0EBF CD88, by searching for the last 8 characters of the fingerprint.

''$ sudo apt-key fingerprint 0EBFCD88''

'''
pub   4096R/0EBFCD88 2017-02-22
      Key fingerprint = 9DC8 5822 9FC7 DD38 854A  E2D8 8D81 803C 0EBF CD88
uid                  Docker Release (CE deb) <docker@docker.com>
sub   4096R/F273FCD8 2017-02-22
'''


Add the **STABLE** repository. you always need the stable repository, even if you want to install builds from the edge or test repositories as well. 

'''
$ sudo add-apt-repository \
   "deb [arch=amd64] https://download.docker.com/linux/ubuntu \
   $(lsb_release -cs) \
   stable"
'''

--------------------

Install the latest Docker Community Edition (CE)
'''
$ sudo apt-get update
$ sudo apt-get install docker-ce
$ docker --version
Docker version 18.06.0-ce, build 0ffa825
'''


==== Post Installation Steps for Linux ====
https://docs.docker.com/install/linux/linux-postinstall/

== Run Docker Client as Non Root User ==
https://docs.docker.com/install/linux/linux-postinstall/
WARNING! This has security implications. Only allow users you trust to run the docker client without sudo, you are essentially giving them root access to the system, as well as possibly increasing the attack vector for docker.
https://docs.docker.com/engine/security/security/#docker-daemon-attack-surface

$ sudo groupadd docker
$ sudo useradd -aG docker $USER
log out and back in again

$ docker run hello-world

If you get the following error
'''
WARNING: Error loading config file: /home/user/.docker/config.json -
stat /home/user/.docker/config.json: permission denied
'''

'''
$ sudo chown "$USER":"$USER" /home/"$USER"/.docker -R
$ sudo chmod g+rwx "/home/$USER/.docker" -R
'''



